\BOOKMARK [1][-]{section.1}{\376\377\000R\000e\000a\000c\000t\000-\000t\000R\000a\000c\000e\000\040\000C\000o\000r\000e}{}% 1
\BOOKMARK [2][-]{subsection.1.1}{\376\377\000P\000r\000o\000g\000r\000a\000m\000-\000L\000e\000v\000e\000l\000\040\000S\000y\000n\000t\000a\000x}{section.1}% 2
\BOOKMARK [2][-]{subsection.1.2}{\376\377\000P\000r\000o\000g\000r\000a\000m\000-\000L\000e\000v\000e\000l\000\040\000T\000y\000p\000i\000n\000g}{section.1}% 3
\BOOKMARK [3][-]{subsubsection.1.2.1}{\376\377\000V\000a\000l\000u\000e\000\040\000T\000y\000p\000i\000n\000g}{subsection.1.2}% 4
\BOOKMARK [3][-]{subsubsection.1.2.2}{\376\377\000E\000x\000p\000r\000e\000s\000s\000i\000o\000n\000\040\000T\000y\000p\000i\000n\000g}{subsection.1.2}% 5
\BOOKMARK [3][-]{subsubsection.1.2.3}{\376\377\000B\000o\000d\000y\000\040\000T\000y\000p\000i\000n\000g}{subsection.1.2}% 6
\BOOKMARK [3][-]{subsubsection.1.2.4}{\376\377\000P\000r\000o\000g\000r\000a\000m\000\040\000T\000y\000p\000i\000n\000g}{subsection.1.2}% 7
\BOOKMARK [3][-]{subsubsection.1.2.5}{\376\377\000M\000e\000m\000o\000r\000y\000\040\000T\000y\000p\000i\000n\000g}{subsection.1.2}% 8
\BOOKMARK [3][-]{subsubsection.1.2.6}{\376\377\000C\000o\000m\000p\000o\000n\000e\000n\000t\000\040\000D\000e\000f\000i\000n\000i\000t\000i\000o\000n\000\040\000T\000y\000p\000i\000n\000g}{subsection.1.2}% 9
\BOOKMARK [2][-]{subsection.1.3}{\376\377\000P\000r\000o\000g\000r\000a\000m\000-\000L\000e\000v\000e\000l\000\040\000S\000e\000m\000a\000n\000t\000i\000c\000s}{section.1}% 10
\BOOKMARK [3][-]{subsubsection.1.3.1}{\376\377\000E\000x\000p\000r\000e\000s\000s\000i\000o\000n\000\040\000S\000e\000m\000a\000n\000t\000i\000c\000s}{subsection.1.3}% 11
\BOOKMARK [3][-]{subsubsection.1.3.2}{\376\377\000B\000o\000d\000y\000\040\000S\000e\000m\000a\000n\000t\000i\000c\000s}{subsection.1.3}% 12
\BOOKMARK [3][-]{subsubsection.1.3.3}{\376\377\000P\000r\000o\000g\000r\000a\000m\000\040\000S\000e\000m\000a\000n\000t\000i\000c\000s}{subsection.1.3}% 13
\BOOKMARK [2][-]{subsection.1.4}{\376\377\000P\000r\000o\000g\000r\000a\000m\000-\000L\000e\000v\000e\000l\000\040\000P\000r\000o\000o\000f\000s}{section.1}% 14
\BOOKMARK [3][-]{subsubsection.1.4.1}{\376\377\000G\000e\000n\000e\000r\000a\000l\000\040\000L\000e\000m\000m\000a\000s}{subsection.1.4}% 15
\BOOKMARK [3][-]{subsubsection.1.4.2}{\376\377\000E\000x\000p\000r\000e\000s\000s\000i\000o\000n\000s}{subsection.1.4}% 16
\BOOKMARK [3][-]{subsubsection.1.4.3}{\376\377\000B\000o\000d\000i\000e\000s}{subsection.1.4}% 17
\BOOKMARK [3][-]{subsubsection.1.4.4}{\376\377\000P\000r\000o\000g\000r\000a\000m\000s}{subsection.1.4}% 18
\BOOKMARK [1][-]{section.2}{\376\377\000S\000m\000a\000l\000l\000-\000S\000t\000e\000p\000\040\000R\000u\000n\000t\000i\000m\000e}{}% 19
\BOOKMARK [2][-]{subsection.2.1}{\376\377\000R\000u\000n\000t\000i\000m\000e\000\040\000S\000y\000n\000t\000a\000x}{section.2}% 20
\BOOKMARK [2][-]{subsection.2.2}{\376\377\000R\000u\000n\000t\000i\000m\000e\000-\000L\000e\000v\000e\000l\000\040\000T\000y\000p\000i\000n\000g}{section.2}% 21
\BOOKMARK [3][-]{subsubsection.2.2.1}{\376\377\000P\000r\000o\000g\000r\000a\000m\000s}{subsection.2.2}% 22
\BOOKMARK [3][-]{subsubsection.2.2.2}{\376\377\000V\000a\000l\000u\000e\000s\000\040\000a\000n\000d\000\040\000S\000e\000q\000u\000e\000n\000c\000e\000s}{subsection.2.2}% 23
\BOOKMARK [3][-]{subsubsection.2.2.3}{\376\377\000I\000n\000i\000t\000i\000a\000l\000i\000z\000a\000t\000i\000o\000n\000/\000R\000e\000i\000n\000i\000t\000i\000a\000l\000i\000z\000a\000t\000i\000o\000n}{subsection.2.2}% 24
\BOOKMARK [3][-]{subsubsection.2.2.4}{\376\377\000E\000v\000e\000n\000t\000\040\000H\000a\000n\000d\000l\000i\000n\000g}{subsection.2.2}% 25
\BOOKMARK [3][-]{subsubsection.2.2.5}{\376\377\000C\000o\000n\000f\000i\000g\000u\000r\000a\000t\000i\000o\000n\000s}{subsection.2.2}% 26
\BOOKMARK [2][-]{subsection.2.3}{\376\377\000R\000u\000n\000t\000i\000m\000e\000-\000L\000e\000v\000e\000l\000\040\000S\000e\000m\000a\000n\000t\000i\000c\000s}{section.2}% 27
\BOOKMARK [3][-]{subsubsection.2.3.1}{\376\377\000G\000e\000n\000e\000r\000a\000l\000\040\000R\000u\000l\000e\000s}{subsection.2.3}% 28
\BOOKMARK [3][-]{subsubsection.2.3.2}{\376\377\000P\000r\000o\000g\000r\000a\000m\000\040\000E\000v\000a\000l\000u\000a\000t\000i\000o\000n}{subsection.2.3}% 29
\BOOKMARK [3][-]{subsubsection.2.3.3}{\376\377\000I\000n\000i\000t\000i\000a\000l\000i\000z\000a\000t\000i\000o\000n}{subsection.2.3}% 30
\BOOKMARK [3][-]{subsubsection.2.3.4}{\376\377\000C\000o\000m\000p\000o\000n\000e\000n\000t\000\040\000E\000v\000a\000l\000u\000a\000t\000i\000o\000n}{subsection.2.3}% 31
\BOOKMARK [3][-]{subsubsection.2.3.5}{\376\377\000H\000a\000n\000d\000l\000e\000r\000\040\000S\000e\000a\000r\000c\000h\000/\000E\000v\000a\000l\000u\000a\000t\000i\000o\000n}{subsection.2.3}% 32
\BOOKMARK [3][-]{subsubsection.2.3.6}{\376\377\000C\000h\000e\000c\000k\000i\000n\000g}{subsection.2.3}% 33
\BOOKMARK [3][-]{subsubsection.2.3.7}{\376\377\000E\000v\000e\000n\000t\000s}{subsection.2.3}% 34
\BOOKMARK [2][-]{subsection.2.4}{\376\377\000R\000u\000n\000t\000i\000m\000e\000-\000L\000e\000v\000e\000l\000\040\000P\000r\000o\000o\000f\000s}{section.2}% 35
\BOOKMARK [3][-]{subsubsection.2.4.1}{\376\377\000L\000e\000m\000m\000a\000s}{subsection.2.4}% 36
\BOOKMARK [3][-]{subsubsection.2.4.2}{\376\377\000S\000o\000u\000n\000d\000n\000e\000s\000s}{subsection.2.4}% 37
\BOOKMARK [1][-]{section.3}{\376\377\000L\000i\000n\000e\000a\000r\000-\000T\000y\000p\000e\000d\000\040\000R\000u\000n\000t\000i\000m\000e}{}% 38
\BOOKMARK [2][-]{subsection.3.1}{\376\377\000S\000y\000n\000t\000a\000x}{section.3}% 39
\BOOKMARK [2][-]{subsection.3.2}{\376\377\000M\000e\000m\000o\000r\000y}{section.3}% 40
\BOOKMARK [2][-]{subsection.3.3}{\376\377\000I\000n\000t\000u\000i\000t\000i\000o\000n\000i\000s\000t\000i\000c\000\040\000T\000y\000p\000i\000n\000g}{section.3}% 41
\BOOKMARK [2][-]{subsection.3.4}{\376\377\000L\000i\000n\000e\000a\000r\000\040\000T\000y\000p\000i\000n\000g}{section.3}% 42
\BOOKMARK [3][-]{subsubsection.3.4.1}{\376\377\000V\000a\000l\000u\000e\000s\000\040\000a\000n\000d\000\040\000S\000e\000q\000u\000e\000n\000c\000e\000s}{subsection.3.4}% 43
\BOOKMARK [3][-]{subsubsection.3.4.2}{\376\377\000I\000n\000i\000t\000i\000a\000l\000i\000z\000a\000t\000i\000o\000n}{subsection.3.4}% 44
\BOOKMARK [3][-]{subsubsection.3.4.3}{\376\377\000E\000v\000e\000n\000t\000\040\000H\000a\000n\000d\000l\000i\000n\000g}{subsection.3.4}% 45
\BOOKMARK [2][-]{subsection.3.5}{\376\377\000P\000r\000o\000g\000r\000a\000m\000\040\000T\000y\000p\000i\000n\000g}{section.3}% 46
\BOOKMARK [2][-]{subsection.3.6}{\376\377\000C\000o\000n\000f\000i\000g\000u\000r\000a\000t\000i\000o\000n\000\040\000T\000y\000p\000i\000n\000g}{section.3}% 47
\BOOKMARK [2][-]{subsection.3.7}{\376\377\000T\000y\000p\000e\000\040\000S\000o\000u\000n\000d\000n\000e\000s\000s\000,\000\040\000R\000e\000v\000i\000s\000i\000t\000e\000d}{section.3}% 48
\BOOKMARK [2][-]{subsection.3.8}{\376\377\000R\000e\000a\000l\000i\000z\000a\000t\000i\000o\000n}{section.3}% 49
\BOOKMARK [3][-]{subsubsection.3.8.1}{\376\377\000D\000i\000r\000e\000c\000t\000\040\000P\000r\000o\000o\000f\000\040\000A\000p\000p\000r\000o\000a\000c\000h}{subsection.3.8}% 50
\BOOKMARK [3][-]{subsubsection.3.8.2}{\376\377\000L\000a\000n\000g\000u\000a\000g\000e\000-\000B\000a\000s\000e\000d\000\040\000F\000o\000r\000m\000u\000l\000a\000t\000i\000o\000n}{subsection.3.8}% 51
\BOOKMARK [1][-]{section.4}{\376\377\000T\000r\000a\000n\000s\000l\000a\000t\000i\000o\000n\000\040\000W\000o\000r\000k\000s\000h\000o\000p\000p\000i\000n\000g}{}% 52
\BOOKMARK [2][-]{subsection.4.1}{\376\377\000S\000y\000n\000t\000a\000x}{section.4}% 53
\BOOKMARK [2][-]{subsection.4.2}{\376\377\000T\000a\000r\000g\000e\000t\000\040\000L\000a\000n\000g\000u\000a\000g\000e}{section.4}% 54
\BOOKMARK [2][-]{subsection.4.3}{\376\377\000C\000o\000n\000t\000e\000x\000t\000-\000F\000r\000e\000e\000\040\000T\000r\000a\000n\000s\000l\000a\000t\000i\000o\000n}{section.4}% 55
\BOOKMARK [2][-]{subsection.4.4}{\376\377\000R\000u\000n\000t\000i\000m\000e\000\040\000a\000n\000d\000\040\000C\000o\000n\000t\000e\000x\000t}{section.4}% 56
\BOOKMARK [1][-]{section.5}{\376\377\000R\000T\000C\000-\000D\000e\000l\000t\000a\000l\000e\000s\000s}{}% 57
\BOOKMARK [2][-]{subsection.5.1}{\376\377\000S\000y\000n\000t\000a\000x}{section.5}% 58
\BOOKMARK [2][-]{subsection.5.2}{\376\377\000T\000y\000p\000i\000n\000g}{section.5}% 59
\BOOKMARK [3][-]{subsubsection.5.2.1}{\376\377\000V\000a\000l\000u\000e\000\040\000T\000y\000p\000i\000n\000g}{subsection.5.2}% 60
\BOOKMARK [3][-]{subsubsection.5.2.2}{\376\377\000E\000x\000p\000r\000e\000s\000s\000i\000o\000n\000\040\000T\000y\000p\000i\000n\000g}{subsection.5.2}% 61
\BOOKMARK [3][-]{subsubsection.5.2.3}{\376\377\000B\000o\000d\000y\000\040\000T\000y\000p\000i\000n\000g}{subsection.5.2}% 62
\BOOKMARK [2][-]{subsection.5.3}{\376\377\000R\000u\000n\000t\000i\000m\000e}{section.5}% 63
\BOOKMARK [3][-]{subsubsection.5.3.1}{\376\377\000S\000y\000n\000t\000a\000x}{subsection.5.3}% 64
\BOOKMARK [3][-]{subsubsection.5.3.2}{\376\377\000T\000y\000p\000i\000n\000g}{subsection.5.3}% 65
\BOOKMARK [3][-]{subsubsection.5.3.3}{\376\377\000F\000G\000C\000B\000V\000\040\000S\000e\000m\000a\000n\000t\000i\000c\000s}{subsection.5.3}% 66
\BOOKMARK [1][-]{section.6}{\376\377\000R\000e\000f\000e\000r\000e\000n\000c\000e\000-\000A\000b\000s\000t\000r\000a\000c\000t\000\040\000T\000r\000a\000n\000s\000l\000a\000t\000i\000o\000n}{}% 67
\BOOKMARK [2][-]{subsection.6.1}{\376\377\000I\000n\000t\000e\000r\000p\000r\000e\000t\000a\000t\000i\000o\000n\000s}{section.6}% 68
\BOOKMARK [2][-]{subsection.6.2}{\376\377\000T\000r\000a\000n\000s\000l\000a\000t\000i\000o\000n}{section.6}% 69
\BOOKMARK [1][-]{section.7}{\376\377\000T\000r\000a\000n\000s\000l\000a\000t\000i\000o\000n\000\040\000P\000r\000o\000o\000f\000s}{}% 70
\BOOKMARK [1][-]{section.8}{\376\377\000S\000o\000u\000r\000c\000e\000\040\000L\000a\000n\000g\000u\000a\000g\000e\000\040\000C\000h\000a\000n\000g\000e\000s}{}% 71
\BOOKMARK [2][-]{subsection.8.1}{\376\377\000C\000e\000l\000l\000s}{section.8}% 72
\BOOKMARK [2][-]{subsection.8.2}{\376\377\000P\000r\000o\000p\000l\000e\000s\000s}{section.8}% 73
\BOOKMARK [3][-]{subsubsection.8.2.1}{\376\377\000S\000y\000n\000t\000a\000x}{subsection.8.2}% 74
\BOOKMARK [3][-]{subsubsection.8.2.2}{\376\377\000T\000y\000p\000i\000n\000g}{subsection.8.2}% 75
\BOOKMARK [3][-]{subsubsection.8.2.3}{\376\377\000S\000e\000m\000a\000n\000t\000i\000c\000s}{subsection.8.2}% 76
\BOOKMARK [3][-]{subsubsection.8.2.4}{\376\377\000T\000r\000a\000n\000s\000l\000a\000t\000i\000o\000n}{subsection.8.2}% 77
\BOOKMARK [1][-]{section.9}{\376\377\000P\000r\000o\000o\000f\000s\000,\000\040\000A\000g\000a\000i\000n}{}% 78
\BOOKMARK [2][-]{subsection.9.1}{\376\377\000S\000o\000u\000r\000c\000e\000\040\000T\000y\000p\000e\000\040\000S\000o\000u\000n\000d\000n\000e\000s\000s}{section.9}% 79
\BOOKMARK [2][-]{subsection.9.2}{\376\377\000R\000u\000n\000t\000i\000m\000e\000\040\000R\000e\000l\000a\000t\000i\000o\000n\000s}{section.9}% 80
\BOOKMARK [2][-]{subsection.9.3}{\376\377\000T\000y\000p\000e\000\040\000P\000r\000e\000s\000e\000r\000v\000a\000t\000i\000o\000n}{section.9}% 81
\BOOKMARK [2][-]{subsection.9.4}{\376\377\000S\000i\000m\000u\000l\000a\000t\000i\000o\000n}{section.9}% 82
\BOOKMARK [1][-]{section.10}{\376\377\000C\000u\000s\000t\000o\000m\000\040\000H\000o\000o\000k\000s}{}% 83
\BOOKMARK [2][-]{subsection.10.1}{\376\377\000M\000o\000t\000i\000v\000a\000t\000i\000o\000n}{section.10}% 84
\BOOKMARK [2][-]{subsection.10.2}{\376\377\000H\000o\000o\000k\000s\000\040\000a\000s\000\040\000M\000o\000d\000e\000s}{section.10}% 85
\BOOKMARK [3][-]{subsubsection.10.2.1}{\376\377\000S\000y\000n\000t\000a\000x}{subsection.10.2}% 86
\BOOKMARK [3][-]{subsubsection.10.2.2}{\376\377\000T\000y\000p\000i\000n\000g}{subsection.10.2}% 87
\BOOKMARK [3][-]{subsubsection.10.2.3}{\376\377\000O\000p\000e\000r\000a\000t\000i\000o\000n\000a\000l\000\040\000S\000e\000m\000a\000n\000t\000i\000c\000s}{subsection.10.2}% 88
\BOOKMARK [3][-]{subsubsection.10.2.4}{\376\377\000E\000x\000a\000m\000p\000l\000e}{subsection.10.2}% 89
\BOOKMARK [2][-]{subsection.10.3}{\376\377\000A\000\040\000P\000r\000o\000b\000l\000e\000m}{section.10}% 90
\BOOKMARK [2][-]{subsection.10.4}{\376\377\000E\000f\000f\000e\000c\000t\000s\000\040\000A\000l\000l\000\040\000T\000h\000e\000\040\000W\000a\000y}{section.10}% 91
\BOOKMARK [2][-]{subsection.10.5}{\376\377\000H\000o\000o\000k\000s\000\040\000a\000s\000\040\000M\000a\000c\000r\000o\000s}{section.10}% 92
\BOOKMARK [1][-]{section.11}{\376\377\000L\000a\000n\000g\000u\000a\000g\000e\000\040\000H\000i\000e\000r\000a\000r\000c\000h\000y}{}% 93
\BOOKMARK [2][-]{subsection.11.1}{\376\377\000v\000i\000e\000w}{section.11}% 94
\BOOKMARK [3][-]{subsubsection.11.1.1}{\376\377\000S\000y\000n\000t\000a\000x}{subsection.11.1}% 95
\BOOKMARK [3][-]{subsubsection.11.1.2}{\376\377\000T\000y\000p\000e\000\040\000S\000y\000s\000t\000e\000m}{subsection.11.1}% 96
\BOOKMARK [3][-]{subsubsection.11.1.3}{\376\377\000O\000p\000e\000r\000a\000t\000i\000o\000n\000a\000l\000\040\000S\000e\000m\000a\000n\000t\000i\000c\000s}{subsection.11.1}% 97
\BOOKMARK [2][-]{subsection.11.2}{\376\377\000d\000y\000n}{section.11}% 98
\BOOKMARK [3][-]{subsubsection.11.2.1}{\376\377\000S\000y\000n\000t\000a\000x}{subsection.11.2}% 99
\BOOKMARK [3][-]{subsubsection.11.2.2}{\376\377\000T\000y\000p\000e\000\040\000S\000y\000s\000t\000e\000m}{subsection.11.2}% 100
\BOOKMARK [3][-]{subsubsection.11.2.3}{\376\377\000O\000p\000e\000r\000a\000t\000i\000o\000n\000a\000l\000\040\000S\000e\000m\000a\000n\000t\000i\000c\000s}{subsection.11.2}% 101
\BOOKMARK [2][-]{subsection.11.3}{\376\377\000h\000o\000o\000k\000d\000y\000n}{section.11}% 102
\BOOKMARK [3][-]{subsubsection.11.3.1}{\376\377\000S\000y\000n\000t\000a\000x}{subsection.11.3}% 103
\BOOKMARK [3][-]{subsubsection.11.3.2}{\376\377\000T\000y\000p\000e\000\040\000S\000y\000s\000t\000e\000m}{subsection.11.3}% 104
\BOOKMARK [3][-]{subsubsection.11.3.3}{\376\377\000O\000p\000e\000r\000a\000t\000i\000o\000n\000a\000l\000\040\000S\000e\000m\000a\000n\000t\000i\000c\000s}{subsection.11.3}% 105
\BOOKMARK [2][-]{subsection.11.4}{\376\377\000r\000e\000f\000d\000y\000n}{section.11}% 106
\BOOKMARK [3][-]{subsubsection.11.4.1}{\376\377\000S\000y\000n\000t\000a\000x}{subsection.11.4}% 107
\BOOKMARK [3][-]{subsubsection.11.4.2}{\376\377\000T\000y\000p\000e\000\040\000S\000y\000s\000t\000e\000m}{subsection.11.4}% 108
\BOOKMARK [3][-]{subsubsection.11.4.3}{\376\377\000O\000p\000e\000r\000a\000t\000i\000o\000n\000a\000l\000\040\000S\000e\000m\000a\000n\000t\000i\000c\000s}{subsection.11.4}% 109
\BOOKMARK [2][-]{subsection.11.5}{\376\377\000v\000i\000e\000w\000+}{section.11}% 110
\BOOKMARK [3][-]{subsubsection.11.5.1}{\376\377\000S\000y\000n\000t\000a\000x}{subsection.11.5}% 111
\BOOKMARK [3][-]{subsubsection.11.5.2}{\376\377\000T\000y\000p\000e\000\040\000S\000y\000s\000t\000e\000m}{subsection.11.5}% 112
\BOOKMARK [3][-]{subsubsection.11.5.3}{\376\377\000O\000p\000e\000r\000a\000t\000i\000o\000n\000a\000l\000\040\000S\000e\000m\000a\000n\000t\000i\000c\000s}{subsection.11.5}% 113
\BOOKMARK [2][-]{subsection.11.6}{\376\377\000r\000e\000f\000v\000i\000e\000w\000+}{section.11}% 114
\BOOKMARK [3][-]{subsubsection.11.6.1}{\376\377\000S\000y\000n\000t\000a\000x}{subsection.11.6}% 115
\BOOKMARK [3][-]{subsubsection.11.6.2}{\376\377\000T\000y\000p\000e\000\040\000S\000y\000s\000t\000e\000m}{subsection.11.6}% 116
\BOOKMARK [3][-]{subsubsection.11.6.3}{\376\377\000O\000p\000e\000r\000a\000t\000i\000o\000n\000a\000l\000\040\000S\000e\000m\000a\000n\000t\000i\000c\000s}{subsection.11.6}% 117
\BOOKMARK [1][-]{section.12}{\376\377\000T\000r\000a\000n\000s\000l\000a\000t\000i\000o\000n\000s\000\040\000\050\000W\000I\000P\000\051}{}% 118
\BOOKMARK [2][-]{subsection.12.1}{\376\377\000h\000o\000o\000k\000d\000y\000n\000\040\000t\000o\000\040\000r\000e\000f\000d\000y\000n}{section.12}% 119
\BOOKMARK [2][-]{subsection.12.2}{\376\377\000r\000e\000f\000d\000y\000n\000\040\000t\000o\000\040\000r\000e\000f\000v\000i\000e\000w\000+}{section.12}% 120
